\set ECHO none
1..1
ok 1 - T([[1,2],[3,4]])
# TRANSACTION INTENTIONALLY LEFT OPEN!
