\set ECHO none
 create_cast 
-------------
 
 
 
 
 
 
 
 
(8 rows)

# TRANSACTION INTENTIONALLY LEFT OPEN!
