\set ECHO none
1..2
ok 1 - ndall('[[True, False], [False, False]]')
ok 2 - ndall('[[True, False], [False, False]]', keepdims := true)
# TRANSACTION INTENTIONALLY LEFT OPEN!
